<html>
<body>
<pre>
<h1>µVision Build Log</h1>
<h2>Tool Versions:</h2>
IDE-Version: µVision V5.35.0.0
Copyright (C) 2021 ARM Ltd and ARM Germany GmbH. All rights reserved.
License Information: jean-philippe lesault, enssat, LIC=----
 
Tool Versions:
Toolchain:       MDK-Lite  Version: 5.35.0.2
Toolchain Path:  C:\Keil_v5\ARM\ARMCC\Bin
C Compiler:      Armcc.exe V5.06 update 7 (build 960)
Assembler:       Armasm.exe V5.06 update 7 (build 960)
Linker/Locator:  ArmLink.exe V5.06 update 7 (build 960)
Library Manager: ArmAr.exe V5.06 update 7 (build 960)
Hex Converter:   FromElf.exe V5.06 update 7 (build 960)
CPU DLL:         SARMCM3.DLL V5.35.0.2
Dialog DLL:      DARMP1.DLL V1.27.0.0
Target DLL:      Segger\JL2CM3.dll V2.99.40.0
Dialog DLL:      TARMP1.DLL V1.26.0.0
 
<h2>Project:</h2>
C:\Users\rrenoux\Documents\LPC1768_Morpion\Project\Project.uvprojx
Project File Date:  05/21/2022

<h2>Output:</h2>
*** Using Compiler 'V5.06 update 7 (build 960)', folder: 'C:\Keil_v5\ARM\ARMCC\Bin'
*** Note: Rebuilding project, since 'Options->Output->Create Batch File' is selected.
Rebuild target 'Open1786'
assembling startup_LPC17xx.s...
compiling system_LPC17xx.c...
compiling core_cm3.c...
compiling lpc17xx_clkpwr.c...
compiling lpc17xx_gpio.c...
compiling lpc17xx_pinsel.c...
compiling lpc17xx_timer.c...
..\Libraries\LCP1768_StdPeriph_Driver\source\lpc17xx_timer.c(115): warning:  #68-D: integer conversion resulted in a change of sign
        uint32_t tnum = -1;
..\Libraries\LCP1768_StdPeriph_Driver\source\lpc17xx_timer.c: 1 warning, 0 errors
compiling lpc17xx_exti.c...
compiling lpc17xx_nvic.c...
compiling lpc17xx_ssp.c...
compiling lpc17xx_i2c.c...
..\Libraries\LCP1768_StdPeriph_Driver\source\lpc17xx_i2c.c(598): warning:  #188-D: enumerated type mixed with another type
                                I2C_IntCmd(I2Cx, 0);
..\Libraries\LCP1768_StdPeriph_Driver\source\lpc17xx_i2c.c(695): warning:  #188-D: enumerated type mixed with another type
                I2C_IntCmd(I2Cx, 0);
..\Libraries\LCP1768_StdPeriph_Driver\source\lpc17xx_i2c.c(702): warning:  #188-D: enumerated type mixed with another type
                                I2C_IntCmd(I2Cx, 1);
..\Libraries\LCP1768_StdPeriph_Driver\source\lpc17xx_i2c.c(750): warning:  #188-D: enumerated type mixed with another type
                I2C_IntCmd(I2Cx, 0);
..\Libraries\LCP1768_StdPeriph_Driver\source\lpc17xx_i2c.c(902): warning:  #188-D: enumerated type mixed with another type
                                        CodeStatus = I2C_GetByte(I2Cx, &tmp, 1);
..\Libraries\LCP1768_StdPeriph_Driver\source\lpc17xx_i2c.c(915): warning:  #188-D: enumerated type mixed with another type
                                        CodeStatus = I2C_GetByte(I2Cx, &tmp, 0);
..\Libraries\LCP1768_StdPeriph_Driver\source\lpc17xx_i2c.c(952): warning:  #188-D: enumerated type mixed with another type
                I2C_IntCmd(I2Cx, 1);
..\Libraries\LCP1768_StdPeriph_Driver\source\lpc17xx_i2c.c(1162): warning:  #188-D: enumerated type mixed with another type
                I2C_IntCmd(I2Cx, 1);
..\Libraries\LCP1768_StdPeriph_Driver\source\lpc17xx_i2c.c(1186): warning:  #186-D: pointless comparison of unsigned integer with zero
        CHECK_PARAM(PARAM_I2C_SLAVEADDR_CH(OwnSlaveAddrConfigStruct->SlaveAddrChannel));
..\Libraries\LCP1768_StdPeriph_Driver\source\lpc17xx_i2c.c: 9 warnings, 0 errors
compiling main.c...
..\User\affichagelcd.h(8): warning:  #1295-D: Deprecated declaration write_lcd - give arg types
   void write_lcd();
..\User\affichagelcd.h(9): warning:  #1-D: last line of file ends without a newline
   
..\User\constantes.h(15): warning:  #1-D: last line of file ends without a newline
  #endif
..\User\global.h(15): warning:  #1-D: last line of file ends without a newline
  extern char gagne;
..\User\memoire.h(4): warning:  #1295-D: Deprecated declaration init_i2c_eeprom - give arg types
  void init_i2c_eeprom();
..\User\memoire.h(6): warning:  #1-D: last line of file ends without a newline
  void i2c_eeprom_write(uint16_t addr, uint8_t * data, int length);
..\User\timer1.h(3): warning:  #1-D: last line of file ends without a newline
  void timer1_init();
..\User\timer1.h(3): warning:  #1295-D: Deprecated declaration timer1_init - give arg types
  void timer1_init();
..\User\pin.h(1): warning:  #1-D: last line of file ends without a newline
  void pin_Configuration();
..\User\pin.h(1): warning:  #1295-D: Deprecated declaration pin_Configuration - give arg types
  void pin_Configuration();
..\User\morpion.h(2): warning:  #1295-D: Deprecated declaration reset_score - give arg types
  void reset_score();
..\User\morpion.h(3): warning:  #1-D: last line of file ends without a newline
  void verifgagnant();
..\User\morpion.h(3): warning:  #1295-D: Deprecated declaration verifgagnant - give arg types
  void verifgagnant();
..\User\global.h(15): warning:  #1-D: last line of file ends without a newline
  extern char gagne;
..\User\globaldec.h(17): warning:  #1-D: last line of file ends without a newline
  char gagne;
..\User\main.c(34): warning:  #177-D: variable "n"  was declared but never referenced
                int n;
..\User\main.c(35): warning:  #177-D: variable "lengthdata"  was declared but never referenced
                int lengthdata;
..\User\main.c(36): warning:  #177-D: variable "resultat_bleu"  was declared but never referenced
                uint8_t resultat_bleu;
..\User\main.c(37): warning:  #177-D: variable "resultat_rouge"  was declared but never referenced
                uint8_t resultat_rouge;
..\User\main.c(38): warning:  #177-D: variable "data"  was declared but never referenced
                uint8_t data;
..\User\main.c(39): warning:  #177-D: variable "datarecieve"  was declared but never referenced
                uint8_t datarecieve;
..\User\main.c(40): warning:  #177-D: variable "slaveAddress"  was declared but never referenced
                uint32_t slaveAddress;
..\User\main.c: 22 warnings, 0 errors
compiling ili_lcd_general.c...
compiling lcd_api.c...
compiling english_16x8.c...
compiling affichagelcd.c...
..\User\constantes.h(15): warning:  #1-D: last line of file ends without a newline
  #endif
..\User\global.h(15): warning:  #1-D: last line of file ends without a newline
  extern char gagne;
..\User\global.h(15): warning:  #1-D: last line of file ends without a newline
  extern char gagne;
..\User\memoire.h(4): warning:  #1295-D: Deprecated declaration init_i2c_eeprom - give arg types
  void init_i2c_eeprom();
..\User\memoire.h(6): warning:  #1-D: last line of file ends without a newline
  void i2c_eeprom_write(uint16_t addr, uint8_t * data, int length);
..\User\affichagelcd.c(70): warning:  #223-D: function "sprintf" declared implicitly
        sprintf(chaine,"Score Bleu : %d  ", resultat_bleu);
..\User\affichagelcd.c: 6 warnings, 0 errors
compiling touch_panel.c...
..\User\constantes.h(15): warning:  #1-D: last line of file ends without a newline
  #endif
..\User\global.h(15): warning:  #1-D: last line of file ends without a newline
  extern char gagne;
..\User\touch\touch_panel.c(17): warning:  #177-D: variable "touch_data_tx"  was declared but never referenced
      uint8_t touch_data_tx[BUF_SIZE];
..\User\touch\touch_panel.c: 3 warnings, 0 errors
compiling memoire.c...
..\User\constantes.h(15): warning:  #1-D: last line of file ends without a newline
  #endif
..\User\global.h(15): warning:  #1-D: last line of file ends without a newline
  extern char gagne;
..\User\memoire.h(4): warning:  #1295-D: Deprecated declaration init_i2c_eeprom - give arg types
  void init_i2c_eeprom();
..\User\memoire.h(6): warning:  #1-D: last line of file ends without a newline
  void i2c_eeprom_write(uint16_t addr, uint8_t * data, int length);
..\User\memoire.c(58): warning:  #1-D: last line of file ends without a newline
  }
..\User\memoire.c: 5 warnings, 0 errors
compiling timer1.c...
..\User\constantes.h(15): warning:  #1-D: last line of file ends without a newline
  #endif
..\User\global.h(15): warning:  #1-D: last line of file ends without a newline
  extern char gagne;
..\User\timer1.h(3): warning:  #1-D: last line of file ends without a newline
  void timer1_init();
..\User\timer1.h(3): warning:  #1295-D: Deprecated declaration timer1_init - give arg types
  void timer1_init();
..\User\affichagelcd.h(8): warning:  #1295-D: Deprecated declaration write_lcd - give arg types
   void write_lcd();
..\User\affichagelcd.h(9): warning:  #1-D: last line of file ends without a newline
   
..\User\timer1.c(14): warning:  #177-D: variable "cpt_LCD"  was declared but never referenced
                int cpt_LCD = 0;
..\User\timer1.c(67): warning:  #1-D: last line of file ends without a newline
  }
..\User\timer1.c: 8 warnings, 0 errors
compiling pin.c...
..\User\pin.h(1): warning:  #1-D: last line of file ends without a newline
  void pin_Configuration();
..\User\pin.h(1): warning:  #1295-D: Deprecated declaration pin_Configuration - give arg types
  void pin_Configuration();
..\User\pin.c(15): warning:  #1-D: last line of file ends without a newline
  }
..\User\pin.c: 3 warnings, 0 errors
compiling morpion.c...
..\User\morpion.h(2): warning:  #1295-D: Deprecated declaration reset_score - give arg types
  void reset_score();
..\User\morpion.h(3): warning:  #1-D: last line of file ends without a newline
  void verifgagnant();
..\User\morpion.h(3): warning:  #1295-D: Deprecated declaration verifgagnant - give arg types
  void verifgagnant();
..\User\constantes.h(15): warning:  #1-D: last line of file ends without a newline
  #endif
..\User\global.h(15): warning:  #1-D: last line of file ends without a newline
  extern char gagne;
..\User\memoire.h(4): warning:  #1295-D: Deprecated declaration init_i2c_eeprom - give arg types
  void init_i2c_eeprom();
..\User\memoire.h(6): warning:  #1-D: last line of file ends without a newline
  void i2c_eeprom_write(uint16_t addr, uint8_t * data, int length);
..\User\global.h(15): warning:  #1-D: last line of file ends without a newline
  extern char gagne;
..\User\affichagelcd.h(8): warning:  #1295-D: Deprecated declaration write_lcd - give arg types
   void write_lcd();
..\User\affichagelcd.h(9): warning:  #1-D: last line of file ends without a newline
   
..\User\morpion.c(38): warning:  #223-D: function "sprintf" declared implicitly
                        sprintf(chaine,"Joueur Bleu a gagne");
..\User\morpion.c(41): warning:  #223-D: function "sprintf" declared implicitly
                        sprintf(chaine,"Joueur Rouge a gagne");
..\User\morpion.c(45): warning:  #223-D: function "LCD_write_english_string" declared implicitly
                LCD_write_english_string(40,120,chaine,White,cases[0]);
..\User\morpion.c(50): warning:  #223-D: function "sprintf" declared implicitly
                        sprintf(chaine,"Joueur Bleu a gagne");
..\User\morpion.c(53): warning:  #223-D: function "sprintf" declared implicitly
                        sprintf(chaine,"Joueur Rouge a gagne");
..\User\morpion.c(57): warning:  #223-D: function "LCD_write_english_string" declared implicitly
                LCD_write_english_string(40,120,chaine,White,cases[3]);
..\User\morpion.c(63): warning:  #223-D: function "sprintf" declared implicitly
                        sprintf(chaine,"Joueur Bleu a gagne");
..\User\morpion.c(66): warning:  #223-D: function "sprintf" declared implicitly
                        sprintf(chaine,"Joueur Rouge a gagne");
..\User\morpion.c(70): warning:  #223-D: function "LCD_write_english_string" declared implicitly
                LCD_write_english_string(40,120,chaine,White,cases[7]);
..\User\morpion.c(76): warning:  #223-D: function "sprintf" declared implicitly
                        sprintf(chaine,"Joueur Bleu a gagne");
..\User\morpion.c(79): warning:  #223-D: function "sprintf" declared implicitly
                        sprintf(chaine,"Joueur Rouge a gagne");
..\User\morpion.c(83): warning:  #223-D: function "LCD_write_english_string" declared implicitly
                LCD_write_english_string(40,120,chaine,White,cases[2]);
..\User\morpion.c(88): warning:  #223-D: function "sprintf" declared implicitly
                sprintf(chaine,"Egalite");
..\User\morpion.c(90): warning:  #223-D: function "LCD_write_english_string" declared implicitly
                LCD_write_english_string(90,120,chaine,Black,Grey);
..\User\morpion.c(105): warning:  #1-D: last line of file ends without a newline
  }
..\User\morpion.c: 25 warnings, 0 errors
linking...
Program Size: Code=16996 RO-data=1792 RW-data=36 ZI-data=732  
FromELF: creating hex file...
".\Output\Project.axf" - 0 Error(s), 82 Warning(s).

<h2>Software Packages used:</h2>

Package Vendor: ARM
                http://www.keil.com/pack/ARM.CMSIS.5.0.1.pack
                ARM.CMSIS.5.0.1
                CMSIS (Cortex Microcontroller Software Interface Standard)
   * Component: CORE Version: 5.0.1

Package Vendor: Keil
                http://www.keil.com/pack/Keil.LPC1700_DFP.2.7.0.pack
                Keil.LPC1700_DFP.2.7.0
                NXP LPC1700 Series Device Support, Drivers and Examples for MCB1700 and LPC1788-32

<h2>Collection of Component include folders:</h2>
  .\RTE\_Open1786
  C:\Keil_v5\ARM\PACK\ARM\CMSIS\5.0.1\CMSIS\Include
  C:\Keil_v5\ARM\PACK\Keil\LPC1700_DFP\2.7.0\Device\Include

<h2>Collection of Component Files used:</h2>

   * Component: ARM::CMSIS:CORE:5.0.1
Build Time Elapsed:  00:00:04
</pre>
</body>
</html>
